INFO:background_worker:BackgroundWorker initialized with 4 workers.
/home/team/shared/priority-flow/backend/gemini_provider.py:3: FutureWarning: 

All support for the `google.generativeai` package has ended. It will no longer be receiving 
updates or bug fixes. Please switch to the `google.genai` package as soon as possible.
See README for more details:

https://github.com/google-gemini/deprecated-generative-ai-python/blob/main/README.md

  import google.generativeai as genai
INFO:priorityflow:{"request_id": "ba96cf55-b7d8-4ae9-89a7-1a57a001de7e", "timestamp": "2026-07-02T11:13:17.827898", "method": "POST", "path": "/auth/login", "status_code": 401, "latency_ms": 1003.7093162536621, "client": "testclient"}
WARNING:priorityflow:SECURITY_ANOMALY: Unauthorized access attempt to /auth/login from testclient
INFO:httpx:HTTP Request: POST http://testserver/auth/login "HTTP/1.1 401 Unauthorized"
Traceback (most recent call last):
  File "/home/team/shared/priority-flow/backend/test_phase3_features.py", line 41, in <module>
    test_custom_integration_crud()
  File "/home/team/shared/priority-flow/backend/test_phase3_features.py", line 12, in test_custom_integration_crud
    token = response.json()["access_token"]
            ~~~~~~~~~~~~~~~^^^^^^^^^^^^^^^^
KeyError: 'access_token'
